I'm sorry, but errors were detected in your script. Please correct the
errors listed below, and try again.


The label _call_all_picture is defined twice, at File "game/script.rpy", line 1111:
    call all_picture from _call_all_picture
and File "game/script.rpy", line 2100:
    call all_picture from _call_all_picture


Ren'Py Version: Ren'Py 8.3.4.24120703
Tue Dec 31 11:46:52 2024
